Component: ARM Compiler 5.06 update 6 (build 750) Tool: armlink [4d35ed]

==============================================================================

Section Cross References

    lpc2300.o(RESET) refers to lpc2300.o(STACK) for Stack_Top
    lpc2300.o(RESET) refers to entry.o(.ARM.Collect$$$$00000000) for __main
    retarget.o(.text) refers to serial.o(.text) for sendchar
    lcd_4bit.o(.text) refers to lcd_4bit.o(.constdata) for UserFont
    irq.o(.text) refers to irq.o(.data) for clk_cntr
    accelerometer.o(.text) refers to lcd_4bit.o(.text) for set_cursor
    accelerometer.o(.text) refers to serial.o(.text) for init_serial
    accelerometer.o(.text) refers to irq.o(.text) for T0_IRQHandler
    entry.o(.ARM.Collect$$$$00000000) refers (Special) to entry10a.o(.ARM.Collect$$$$0000000D) for __rt_final_cpp
    entry.o(.ARM.Collect$$$$00000000) refers (Special) to entry11a.o(.ARM.Collect$$$$0000000F) for __rt_final_exit
    entry.o(.ARM.Collect$$$$00000000) refers (Special) to entry7b.o(.ARM.Collect$$$$00000008) for _main_clock
    entry.o(.ARM.Collect$$$$00000000) refers (Special) to entry8b.o(.ARM.Collect$$$$0000000A) for _main_cpp_init
    entry.o(.ARM.Collect$$$$00000000) refers (Special) to entry9a.o(.ARM.Collect$$$$0000000B) for _main_init
    entry.o(.ARM.Collect$$$$00000000) refers (Special) to entry5.o(.ARM.Collect$$$$00000004) for _main_scatterload
    entry.o(.ARM.Collect$$$$00000000) refers (Special) to entry2.o(.ARM.Collect$$$$00000001) for _main_stk
    entry2.o(.ARM.Collect$$$$00000001) refers to entry2.o(.ARM.Collect$$$$00002712) for __lit__00000000
    entry2.o(.ARM.Collect$$$$00002712) refers to lpc2300.o(STACK) for __initial_sp
    entry5.o(.ARM.Collect$$$$00000004) refers to init.o(.text) for __scatterload
    entry9a.o(.ARM.Collect$$$$0000000B) refers to accelerometer.o(.text) for main
    entry9b.o(.ARM.Collect$$$$0000000C) refers to accelerometer.o(.text) for main
    init.o(.text) refers to init.o(i.__ARM_common_call_via_r3) for __ARM_common_call_via_r3
    init.o(.text) refers to entry5.o(.ARM.Collect$$$$00000004) for __main_after_scatterload


==============================================================================

Removing Unused input sections from the image.

    Removing lpc2300.o(HEAP), (0 bytes).
    Removing retarget.o(.text), (72 bytes).
    Removing retarget.o(.data), (4 bytes).

3 unused section(s) (total 76 bytes) removed from the image.

==============================================================================

Adding Veneers to the image

    Adding AT veneer (8 bytes, Inline) for call to '__scatterload' from entry5.o(.ARM.Collect$$$$00000004).
    Adding TA veneer (8 bytes, Short) for call to '__main_after_scatterload' from init.o(.text).

2 Veneer(s) (total 16 bytes) added to the image.

==============================================================================

Image Symbol Table

    Local Symbols

    Symbol Name                              Value     Ov Type        Size  Object(Section)

    RESET                                    0x00000000   Section      356  lpc2300.o(RESET)
    ../clib/microlib/init/entry.s            0x00000000   Number         0  entry8a.o ABSOLUTE
    ../clib/microlib/init/entry.s            0x00000000   Number         0  entry10a.o ABSOLUTE
    ../clib/microlib/init/entry.s            0x00000000   Number         0  entry9b.o ABSOLUTE
    ../clib/microlib/init/entry.s            0x00000000   Number         0  entry10b.o ABSOLUTE
    ../clib/microlib/init/entry.s            0x00000000   Number         0  entry.o ABSOLUTE
    ../clib/microlib/init/entry.s            0x00000000   Number         0  entry2.o ABSOLUTE
    ../clib/microlib/init/entry.s            0x00000000   Number         0  entry5.o ABSOLUTE
    ../clib/microlib/init/entry.s            0x00000000   Number         0  entry7a.o ABSOLUTE
    ../clib/microlib/init/entry.s            0x00000000   Number         0  entry7b.o ABSOLUTE
    ../clib/microlib/init/entry.s            0x00000000   Number         0  entry11b.o ABSOLUTE
    ../clib/microlib/init/entry.s            0x00000000   Number         0  entry9a.o ABSOLUTE
    ../clib/microlib/init/entry.s            0x00000000   Number         0  entry8b.o ABSOLUTE
    ../clib/microlib/init/entry.s            0x00000000   Number         0  entry11a.o ABSOLUTE
    ../clib/microlib/stubs.s                 0x00000000   Number         0  useno.o ABSOLUTE
    IRQ.c                                    0x00000000   Number         0  irq.o ABSOLUTE
    LCD_4bit.c                               0x00000000   Number         0  lcd_4bit.o ABSOLUTE
    LPC2300.s                                0x00000000   Number         0  lpc2300.o ABSOLUTE
    Retarget.c                               0x00000000   Number         0  retarget.o ABSOLUTE
    Serial.c                                 0x00000000   Number         0  serial.o ABSOLUTE
    accelerometer.c                          0x00000000   Number         0  accelerometer.o ABSOLUTE
    dc.s                                     0x00000000   Number         0  dc.o ABSOLUTE
    handlers.s                               0x00000000   Number         0  handlers.o ABSOLUTE
    init.s                                   0x00000000   Number         0  init.o ABSOLUTE
    lpc23xx_i2c.c                            0x00000000   Number         0  lpc23xx_i2c.o ABSOLUTE
    Undef_Handler                            0x00000040   ARM Code       4  lpc2300.o(RESET)
    SWI_Handler                              0x00000044   ARM Code       4  lpc2300.o(RESET)
    PAbt_Handler                             0x00000048   ARM Code       4  lpc2300.o(RESET)
    DAbt_Handler                             0x0000004c   ARM Code       4  lpc2300.o(RESET)
    IRQ_Handler                              0x00000050   ARM Code       4  lpc2300.o(RESET)
    FIQ_Handler                              0x00000054   ARM Code       4  lpc2300.o(RESET)
    .ARM.Collect$$$$00000000                 0x00000164   Section        0  entry.o(.ARM.Collect$$$$00000000)
    .ARM.Collect$$$$00000001                 0x00000164   Section        4  entry2.o(.ARM.Collect$$$$00000001)
    .ARM.Collect$$$$00000004                 0x00000168   Section        4  entry5.o(.ARM.Collect$$$$00000004)
    .ARM.Collect$$$$00000008                 0x0000016c   Section        0  entry7b.o(.ARM.Collect$$$$00000008)
    .ARM.Collect$$$$0000000A                 0x0000016c   Section        0  entry8b.o(.ARM.Collect$$$$0000000A)
    .ARM.Collect$$$$0000000B                 0x0000016c   Section       12  entry9a.o(.ARM.Collect$$$$0000000B)
    .ARM.Collect$$$$0000000D                 0x00000178   Section        0  entry10a.o(.ARM.Collect$$$$0000000D)
    .ARM.Collect$$$$0000000F                 0x00000178   Section        0  entry11a.o(.ARM.Collect$$$$0000000F)
    .ARM.Collect$$$$00002712                 0x00000178   Section        4  entry2.o(.ARM.Collect$$$$00002712)
    __lit__00000000                          0x00000178   Data           4  entry2.o(.ARM.Collect$$$$00002712)
    .text                                    0x0000017c   Section        0  serial.o(.text)
    .text                                    0x00000220   Section        0  lcd_4bit.o(.text)
    delay                                    0x00000220   ARM Code      24  lcd_4bit.o(.text)
    lcd_read_status                          0x00000238   ARM Code     188  lcd_4bit.o(.text)
    wait_while_busy                          0x000002f4   ARM Code      32  lcd_4bit.o(.text)
    lcd_write_data                           0x00000398   ARM Code      48  lcd_4bit.o(.text)
    .text                                    0x0000051c   Section        0  irq.o(.text)
    .text                                    0x000005c8   Section        0  accelerometer.o(.text)
    .text                                    0x000006e0   Section       32  init.o(.text)
    i.__ARM_common_call_via_r3               0x00000708   Section        2  init.o(i.__ARM_common_call_via_r3)
    i.__scatterload_copy                     0x0000070c   Section       28  handlers.o(i.__scatterload_copy)
    i.__scatterload_null                     0x00000728   Section        4  handlers.o(i.__scatterload_null)
    i.__scatterload_zeroinit                 0x0000072c   Section       24  handlers.o(i.__scatterload_zeroinit)
    .constdata                               0x00000744   Section       64  lcd_4bit.o(.constdata)
    .data                                    0x40000000   Section        8  irq.o(.data)
    clk_cntr                                 0x40000004   Data           4  irq.o(.data)
    STACK                                    0x40000008   Section     1288  lpc2300.o(STACK)
    Stack_Top                                0x40000510   Data           0  lpc2300.o(STACK)

    Global Symbols

    Symbol Name                              Value     Ov Type        Size  Object(Section)

    BuildAttributes$$THM_ISAv1$ARM_ISAv4$S$PE$A:L22$X:L11$S22$IEEE1$IW$USESV6$~STKCKD$USESV7$~SHL$OSPACE$EBA8$MICROLIB$REQ8$EABIv2 0x00000000   Number         0  anon$$obj.o ABSOLUTE
    __ARM_use_no_argv                        0x00000000   Number         0  accelerometer.o ABSOLUTE
    __use_no_errno                           0x00000000   Number         0  useno.o ABSOLUTE
    __use_no_exception_handling              0x00000000   Number         0  useno.o ABSOLUTE
    __use_no_fp                              0x00000000   Number         0  useno.o ABSOLUTE
    __use_no_heap                            0x00000000   Number         0  useno.o ABSOLUTE
    __use_no_heap_region                     0x00000000   Number         0  useno.o ABSOLUTE
    __use_no_semihosting                     0x00000000   Number         0  useno.o ABSOLUTE
    __use_no_semihosting_swi                 0x00000000   Number         0  useno.o ABSOLUTE
    __use_no_signal_handling                 0x00000000   Number         0  useno.o ABSOLUTE
    __cpp_initialize__aeabi_                  - Undefined Weak Reference
    __cxa_finalize                            - Undefined Weak Reference
    __decompress                              - Undefined Weak Reference
    _clock_init                               - Undefined Weak Reference
    _microlib_exit                            - Undefined Weak Reference
    Reset_Handler                            0x00000058   ARM Code       0  lpc2300.o(RESET)
    __main                                   0x00000164   ARM Code       0  entry.o(.ARM.Collect$$$$00000000)
    _main_stk                                0x00000164   ARM Code       0  entry2.o(.ARM.Collect$$$$00000001)
    _main_scatterload                        0x00000168   ARM Code       0  entry5.o(.ARM.Collect$$$$00000004)
    __main_after_scatterload                 0x0000016c   ARM Code       0  entry5.o(.ARM.Collect$$$$00000004)
    _main_clock                              0x0000016c   ARM Code       0  entry7b.o(.ARM.Collect$$$$00000008)
    _main_cpp_init                           0x0000016c   ARM Code       0  entry8b.o(.ARM.Collect$$$$0000000A)
    _main_init                               0x0000016c   ARM Code       0  entry9a.o(.ARM.Collect$$$$0000000B)
    __rt_final_cpp                           0x00000178   ARM Code       0  entry10a.o(.ARM.Collect$$$$0000000D)
    __rt_final_exit                          0x00000178   ARM Code       0  entry11a.o(.ARM.Collect$$$$0000000F)
    init_serial                              0x0000017c   ARM Code      84  serial.o(.text)
    sendchar                                 0x000001d0   ARM Code      36  serial.o(.text)
    getkey                                   0x000001f4   ARM Code      36  serial.o(.text)
    lcd_write_4bit                           0x00000314   ARM Code      84  lcd_4bit.o(.text)
    lcd_write_cmd                            0x00000368   ARM Code      48  lcd_4bit.o(.text)
    lcd_putchar                              0x000003c8   ARM Code      24  lcd_4bit.o(.text)
    lcd_init                                 0x000003e0   ARM Code     176  lcd_4bit.o(.text)
    set_cursor                               0x00000490   ARM Code      52  lcd_4bit.o(.text)
    lcd_clear                                0x000004c4   ARM Code      32  lcd_4bit.o(.text)
    lcd_print                                0x000004e4   ARM Code      40  lcd_4bit.o(.text)
    T0_IRQHandler                            0x0000051c   ARM Code     108  irq.o(.text)
    ADC_IRQHandler                           0x00000588   ARM Code      44  irq.o(.text)
    Disp_Bargraph                            0x000005c8   ARM Code      92  accelerometer.o(.text)
    main                                     0x00000624   ARM Code     144  accelerometer.o(.text)
    Inline ARM to Thumb Veneer to __scatterload 0x000006d8   ARM Code       8  init.o(.text)
    __scatterload                            0x000006e1   Thumb Code    24  init.o(.text)
    __scatterload_rt2                        0x000006e1   Thumb Code     0  init.o(.text)
    Short Thumb to ARM Veneer to __main_after_scatterload 0x00000701   Thumb Code     8  anon$$obj.o(Veneer$$Code)
    __ARM_common_call_via_r3                 0x00000709   Thumb Code     2  init.o(i.__ARM_common_call_via_r3)
    __scatterload_copy                       0x0000070c   ARM Code      28  handlers.o(i.__scatterload_copy)
    __scatterload_null                       0x00000728   ARM Code       4  handlers.o(i.__scatterload_null)
    __scatterload_zeroinit                   0x0000072c   ARM Code      24  handlers.o(i.__scatterload_zeroinit)
    UserFont                                 0x00000744   Data          64  lcd_4bit.o(.constdata)
    Region$$Table$$Base                      0x00000784   Number         0  anon$$obj.o(Region$$Table)
    Region$$Table$$Limit                     0x000007a4   Number         0  anon$$obj.o(Region$$Table)
    AD_last                                  0x40000000   Data           2  irq.o(.data)
    clock_1s                                 0x40000002   Data           1  irq.o(.data)
    __initial_sp                             0x40000408   Data         264  lpc2300.o(STACK)



==============================================================================

Memory Map of the image

  Image Entry point : 0x00000164

  Load Region LR_IROM1 (Base: 0x00000000, Size: 0x000007ac, Max: 0x00080000, ABSOLUTE)

    Execution Region ER_IROM1 (Exec base: 0x00000000, Load base: 0x00000000, Size: 0x000007a4, Max: 0x00080000, ABSOLUTE)

    Exec Addr    Load Addr    Size         Type   Attr      Idx    E Section Name        Object

    0x00000000   0x00000000   0x00000164   Code   RO            3    RESET               lpc2300.o
    0x00000164   0x00000164   0x00000000   Code   RO          135  * .ARM.Collect$$$$00000000  mc_t.l(entry.o)
    0x00000164   0x00000164   0x00000004   Code   RO          138    .ARM.Collect$$$$00000001  mc_t.l(entry2.o)
    0x00000168   0x00000168   0x00000004   Code   RO          140    .ARM.Collect$$$$00000004  mc_t.l(entry5.o)
    0x0000016c   0x0000016c   0x00000000   Code   RO          142    .ARM.Collect$$$$00000008  mc_t.l(entry7b.o)
    0x0000016c   0x0000016c   0x00000000   Code   RO          144    .ARM.Collect$$$$0000000A  mc_t.l(entry8b.o)
    0x0000016c   0x0000016c   0x0000000c   Code   RO          145    .ARM.Collect$$$$0000000B  mc_t.l(entry9a.o)
    0x00000178   0x00000178   0x00000000   Code   RO          147    .ARM.Collect$$$$0000000D  mc_t.l(entry10a.o)
    0x00000178   0x00000178   0x00000000   Code   RO          149    .ARM.Collect$$$$0000000F  mc_t.l(entry11a.o)
    0x00000178   0x00000178   0x00000004   Code   RO          139    .ARM.Collect$$$$00002712  mc_t.l(entry2.o)
    0x0000017c   0x0000017c   0x000000a4   Code   RO           37    .text               serial.o
    0x00000220   0x00000220   0x000002fc   Code   RO           52    .text               lcd_4bit.o
    0x0000051c   0x0000051c   0x000000ac   Code   RO           67    .text               irq.o
    0x000005c8   0x000005c8   0x00000110   Code   RO           82    .text               accelerometer.o
    0x000006d8   0x000006d8   0x00000008   Ven    RO          151    .text               mc_t.l(init.o)
    0x000006e0   0x000006e0   0x00000020   Code   RO          151    .text               mc_t.l(init.o)
    0x00000700   0x00000700   0x00000008   Ven    RO          164    Veneer$$Code        anon$$obj.o
    0x00000708   0x00000708   0x00000002   Code   RO          153    i.__ARM_common_call_via_r3  mc_t.l(init.o)
    0x0000070a   0x0000070a   0x00000002   PAD
    0x0000070c   0x0000070c   0x0000001c   Code   RO          157    i.__scatterload_copy  mc_t.l(handlers.o)
    0x00000728   0x00000728   0x00000004   Code   RO          158    i.__scatterload_null  mc_t.l(handlers.o)
    0x0000072c   0x0000072c   0x00000018   Code   RO          159    i.__scatterload_zeroinit  mc_t.l(handlers.o)
    0x00000744   0x00000744   0x00000040   Data   RO           53    .constdata          lcd_4bit.o
    0x00000784   0x00000784   0x00000020   Data   RO          155    Region$$Table       anon$$obj.o


    Execution Region RW_IRAM1 (Exec base: 0x40000000, Load base: 0x000007a4, Size: 0x00000510, Max: 0x00010000, ABSOLUTE)

    Exec Addr    Load Addr    Size         Type   Attr      Idx    E Section Name        Object

    0x40000000   0x000007a4   0x00000008   Data   RW           68    .data               irq.o
    0x40000008        -       0x00000508   Zero   RW            1    STACK               lpc2300.o


==============================================================================

Image component sizes


      Code (inc. data)   RO Data    RW Data    ZI Data      Debug   Object Name

       272         36          0          0          0        837   accelerometer.o
       172         20          0          8          0        862   irq.o
       764         16         64          0          0       3494   lcd_4bit.o
       356         48          0          0       1288        348   lpc2300.o
         0          0          0          0          0       1444   retarget.o
       164          8          0          0          0        726   serial.o

    ----------------------------------------------------------------------
      1736        128         96          8       1288       7711   Object Totals
         8          0         32          0          0          0   (incl. Generated)
         0          0          0          0          0          0   (incl. Padding)

    ----------------------------------------------------------------------

      Code (inc. data)   RO Data    RW Data    ZI Data      Debug   Library Member Name

         0          0          0          0          0          0   entry.o
         0          0          0          0          0          0   entry10a.o
         0          0          0          0          0          0   entry11a.o
         8          4          0          0          0          0   entry2.o
         4          0          0          0          0          0   entry5.o
         0          0          0          0          0          0   entry7b.o
         0          0          0          0          0          0   entry8b.o
        12          4          0          0          0          0   entry9a.o
        56          0          0          0          0          0   handlers.o
        42          8          0          0          0        136   init.o

    ----------------------------------------------------------------------
       124         16          0          0          0        136   Library Totals
         2          0          0          0          0          0   (incl. Padding)

    ----------------------------------------------------------------------

      Code (inc. data)   RO Data    RW Data    ZI Data      Debug   Library Name

       122         16          0          0          0        136   mc_t.l

    ----------------------------------------------------------------------
       124         16          0          0          0        136   Library Totals

    ----------------------------------------------------------------------

==============================================================================


      Code (inc. data)   RO Data    RW Data    ZI Data      Debug   

      1860        144         96          8       1288       7947   Grand Totals
      1860        144         96          8       1288       7947   ELF Image Totals
      1860        144         96          8          0          0   ROM Totals

==============================================================================

    Total RO  Size (Code + RO Data)                 1956 (   1.91kB)
    Total RW  Size (RW Data + ZI Data)              1296 (   1.27kB)
    Total ROM Size (Code + RO Data + RW Data)       1964 (   1.92kB)

==============================================================================

